/Users/kyungrae/Desktop/kamp_ai/X-ray_실험/.venv/lib/python3.12/site-packages/torch/jit/_script.py:1491: FutureWarning: `torch.jit.script` is deprecated. Please switch to `torch.compile` or `torch.export`.
  warnings.warn(
/Users/kyungrae/Desktop/kamp_ai/X-ray_실험/.venv/lib/python3.12/site-packages/torch/jit/_script.py:1491: FutureWarning: `torch.jit.script` is deprecated. Please switch to `torch.compile` or `torch.export`.
  warnings.warn(
[2026-10-04 00:53:46] [INFO] rf-detr - File /Users/kyungrae/.roboflow/models/rf-detr-small.pth already exists with correct MD5 hash.
[2026-10-04 00:53:46] [WARNING] rf-detr - Using a different number of positional encodings than DINOv2, which means we're not loading DINOv2 backbone weights. This is not a problem if finetuning a pretrained RF-DETR model.
[2026-10-04 00:53:46] [WARNING] rf-detr - Using patch size 16 instead of 14, which means we're not loading DINOv2 backbone weights. This is not a problem if finetuning a pretrained RF-DETR model.
[2026-10-04 00:53:46] [INFO] rf-detr - File /Users/kyungrae/.roboflow/models/rf-detr-small.pth already exists with correct MD5 hash.
[2026-10-04 00:53:48] [WARNING] rf-detr - Using a different number of positional encodings than DINOv2, which means we're not loading DINOv2 backbone weights. This is not a problem if finetuning a pretrained RF-DETR model.
[2026-10-04 00:53:48] [WARNING] rf-detr - Using patch size 16 instead of 14, which means we're not loading DINOv2 backbone weights. This is not a problem if finetuning a pretrained RF-DETR model.
[2026-10-04 00:53:48] [INFO] rf-detr - File /Users/kyungrae/.roboflow/models/rf-detr-small.pth already exists with correct MD5 hash.
[2026-10-04 00:53:49] [WARNING] rf-detr - Checkpoint has 90 classes but model is configured for 1. The detection head will be re-initialized to 1 classes.
[2026-10-04 00:53:49] [WARNING] rf-detr - TensorBoard logging disabled: No module named 'tensorboard'. If using NumPy 2.x, ensure your TensorBoard installation is NumPy 2.0 compatible (the failure can originate from tensorboard.compat.tensorflow_stub). Install TensorBoard with: pip install tensorboard
Using 16bit Automatic Mixed Precision (AMP)
GPU available: True (mps), used: True
TPU available: False, using: 0 TPU cores
💡 Tip: For seamless cloud logging and experiment tracking, try installing [litlogger](https://pypi.org/project/litlogger/) to enable LitLogger, which logs metrics and artifacts automatically to the Lightning Experiments platform.
/Users/kyungrae/Desktop/kamp_ai/X-ray_실험/.venv/lib/python3.12/site-packages/lightning_fabric/loggers/csv_logs.py:268: Experiment logs directory /Users/kyungrae/Desktop/kamp_ai/X-ray_실험/runs/rfdetr_s_smoke/ exists and is not empty. Previous log files in this directory will be deleted when the new ones are saved!
[2026-10-04 00:53:49] [INFO] rf-detr - Building Roboflow train dataset with square resize at resolution 512
[2026-10-04 00:53:49] [INFO] rf-detr - Using multi-scale training with square resize and scales: [672]
/Users/kyungrae/Desktop/kamp_ai/X-ray_실험/.venv/lib/python3.12/site-packages/rfdetr/datasets/coco.py:1621: UserWarning: RF-DETR has changed the default training augmentation backend from Albumentations (cv2 INTER_LINEAR, no antialias) to torchvision (BILINEAR + antialias=True). Pixel values will differ slightly from previous versions; mAP may drift on existing benchmarks. To restore the previous behaviour, install rfdetr[augment] and pass aug_config=AUG_CONFIG from rfdetr.datasets.aug_configs.
  transforms=make_coco_transforms_square_div_64(
loading annotations into memory...
Done (t=0.00s)
creating index...
index created!
[2026-10-04 00:53:49] [INFO] rf-detr - Skipping unannotated COCO grouping categories when assigning label indices: 0 (defects)
[2026-10-04 00:53:49] [INFO] rf-detr - Building Roboflow val dataset with square resize at resolution 512
[2026-10-04 00:53:49] [INFO] rf-detr - Using multi-scale training with square resize and scales: [672]
/Users/kyungrae/Desktop/kamp_ai/X-ray_실험/.venv/lib/python3.12/site-packages/pytorch_lightning/callbacks/model_checkpoint.py:881: Checkpoint directory /Users/kyungrae/Desktop/kamp_ai/X-ray_실험/runs/rfdetr_s_smoke exists and is not empty.
Loading `train_dataloader` to estimate number of stepping batches.
loading annotations into memory...
Done (t=0.00s)
creating index...
index created!
[2026-10-04 00:53:49] [INFO] rf-detr - Training with uniform sampler because dataset is too small: 72 < 80
/Users/kyungrae/Desktop/kamp_ai/X-ray_실험/.venv/lib/python3.12/site-packages/pytorch_lightning/utilities/_pytree.py:21: `isinstance(treespec, LeafSpec)` is deprecated, use `isinstance(treespec, TreeSpec) and treespec.is_leaf()` instead.
/Users/kyungrae/Desktop/kamp_ai/X-ray_실험/.venv/lib/python3.12/site-packages/pytorch_lightning/loops/fit_loop.py:321: The number of training batches (20) is smaller than the logging interval Trainer(log_every_n_steps=50). Set a lower value for log_every_n_steps if you want to see logs for the training epoch.
/Users/kyungrae/Desktop/kamp_ai/X-ray_실험/.venv/lib/python3.12/site-packages/pytorch_lightning/utilities/model_summary/model_summary.py:242: Precision 16-mixed is not supported by the model summary.  Estimated model size in MB will not be accurate. Using 32 bits instead.
┏━━━┳━━━━━━━━━━━━━┳━━━━━━━━━━━━━━┳━━━━━━━━┳━━━━━━━┳━━━━━━━┓
┃   ┃ Name        ┃ Type         ┃ Params ┃ Mode  ┃ FLOPs ┃
┡━━━╇━━━━━━━━━━━━━╇━━━━━━━━━━━━━━╇━━━━━━━━╇━━━━━━━╇━━━━━━━┩
│ 0 │ model       │ LWDETR       │ 31.8 M │ train │     0 │
│ 1 │ criterion   │ SetCriterion │      0 │ train │     0 │
│ 2 │ postprocess │ PostProcess  │      0 │ train │     0 │
└───┴─────────────┴──────────────┴────────┴───────┴───────┘
Trainable params: 31.8 M                                                                                                                              
Non-trainable params: 0                                                                                                                               
Total params: 31.8 M                                                                                                                                  
Total estimated model params size (MB): 127.164                                                                                                       
Modules in train mode: 466                                                                                                                            
Modules in eval mode: 0                                                                                                                               
Total FLOPs: 0                                                                                                                                        
/Users/kyungrae/Desktop/kamp_ai/X-ray_실험/.venv/lib/python3.12/site-packages/torch/jit/_script.py:1491: FutureWarning: `torch.jit.script` is deprecated. Please switch to `torch.compile` or `torch.export`.
  warnings.warn(
/Users/kyungrae/Desktop/kamp_ai/X-ray_실험/.venv/lib/python3.12/site-packages/torch/jit/_script.py:1491: FutureWarning: `torch.jit.script` is deprecated. Please switch to `torch.compile` or `torch.export`.
  warnings.warn(
/Users/kyungrae/Desktop/kamp_ai/X-ray_실험/.venv/lib/python3.12/site-packages/torch/jit/_script.py:1491: FutureWarning: `torch.jit.script` is deprecated. Please switch to `torch.compile` or `torch.export`.
  warnings.warn(
/Users/kyungrae/Desktop/kamp_ai/X-ray_실험/.venv/lib/python3.12/site-packages/torch/jit/_script.py:1491: FutureWarning: `torch.jit.script` is deprecated. Please switch to `torch.compile` or `torch.export`.
  warnings.warn(
/Users/kyungrae/Desktop/kamp_ai/X-ray_실험/.venv/lib/python3.12/site-packages/pytorch_lightning/core/module.py:1333: Detected call of `lr_scheduler.step()` before `optimizer.step()`. In PyTorch 1.1.0 and later, you should call them in the opposite order: `optimizer.step()` before `lr_scheduler.step()`.  Failure to do this will result in PyTorch skipping the first value of the learning rate schedule. See more details at https://pytorch.org/docs/stable/optim.html#how-to-adjust-learning-rate
[2026-10-04 00:54:11] [INFO] rf-detr - Skipping validation-loss computation: compute_val_loss='auto' found no scheduler or callback monitoring 'val/loss', so no 'val/loss' metric is logged this run. Set compute_val_loss=True to log it every validation epoch (for example to read the curve from metrics.csv, TensorBoard, or Weights & Biases).
/Users/kyungrae/Desktop/kamp_ai/X-ray_실험/.venv/lib/python3.12/site-packages/torch/jit/_script.py:1491: FutureWarning: `torch.jit.script` is deprecated. Please switch to `torch.compile` or `torch.export`.
  warnings.warn(
/Users/kyungrae/Desktop/kamp_ai/X-ray_실험/.venv/lib/python3.12/site-packages/torch/jit/_script.py:1491: FutureWarning: `torch.jit.script` is deprecated. Please switch to `torch.compile` or `torch.export`.
  warnings.warn(
/Users/kyungrae/Desktop/kamp_ai/X-ray_실험/.venv/lib/python3.12/site-packages/torch/jit/_script.py:1491: FutureWarning: `torch.jit.script` is deprecated. Please switch to `torch.compile` or `torch.export`.
  warnings.warn(
/Users/kyungrae/Desktop/kamp_ai/X-ray_실험/.venv/lib/python3.12/site-packages/torch/jit/_script.py:1491: FutureWarning: `torch.jit.script` is deprecated. Please switch to `torch.compile` or `torch.export`.
  warnings.warn(
            Val [1m([0mema[1m)[0m [1m([0mEpoch [1;36m1[0m/[1;36m1[0m[1m)[0m — Overall Metrics             
┏━━━━━━━━━━━━━━━━━━━━━━━━━━┳━━━━━━━━┳━━━━━━━━━━━━━━━━━━━━━━━━━━┓
┃           mAP            ┃  mAR   ┃         F1 sweep         ┃
┡━━━━━━━━┯━━━━━━━━┯━━━━━━━━╇━━━━━━━━╇━━━━━━━━┯━━━━━━━━┯━━━━━━━━┩
│ [1;92m50:95[0m  │   [1;36m50[0m   │   [1;36m75[0m   │  @[1;36m500[0m  │   F1   │  Prec  │ Recall │
├────────┼────────┼────────┼────────┼────────┼────────┼────────┤
│ [1;36m0.0009[0m │ [1;36m0.0052[0m │ [1;36m0.0000[0m │ [1;36m0.0222[0m │ [1;36m0.0584[0m │ [1;36m0.0396[0m │ [1;36m0.1111[0m │
└────────┴────────┴────────┴────────┴────────┴────────┴────────┘
[2026-10-04 00:54:15] [INFO] rf-detr - Best EMA metric improved to 0.0009 (epoch 0)
`Trainer.fit` stopped: `max_epochs=1` reached.
[2026-10-04 00:54:35] [INFO] rf-detr - Best total checkpoint saved from EMA (regular=0.0000, ema=0.0009)
[2026-10-04 00:54:36] [WARNING] rf-detr - Using a different number of positional encodings than DINOv2, which means we're not loading DINOv2 backbone weights. This is not a problem if finetuning a pretrained RF-DETR model.
[2026-10-04 00:54:36] [WARNING] rf-detr - Using patch size 16 instead of 14, which means we're not loading DINOv2 backbone weights. This is not a problem if finetuning a pretrained RF-DETR model.
[2026-10-04 00:54:36] [WARNING] rf-detr - Model is not optimized for inference. Latency may be higher than expected. For full GPU throughput (e.g. ~8x on T4 via FP16 Tensor Cores), call model.inference(dtype=torch.float16).
checkpoint used: checkpoint_best_total.pth
optimize skipped 'RFDETRSmall' object has no attribute 'optimize_for_inference'
DONE rfdetr_s_smoke
